// Jest Snapshot v1, https://goo.gl/fbAQLP

exports[`@roots/sage @roots/sage/client 1`] = `
Object {
  "domReady": [Function],
}
`;
