// Jest Snapshot v1, https://goo.gl/fbAQLP

exports[`factory bud.store matches snapshot 1`] = `
Object {
  "build": Object {
    "bail": true,
    "devtool": false,
    "experiments": Object {
      "lazyCompilation": false,
    },
    "infrastructureLogging": Object {
      "appendOnly": true,
      "level": "none",
    },
    "node": false,
    "optimization": Object {
      "emitOnErrors": false,
      "minimizer": Array [
        "...",
      ],
      "moduleIds": "deterministic",
      "removeEmptyChunks": true,
      "splitChunks": Object {
        "cacheGroups": Object {
          "vendor": Object {
            "chunks": "all",
            "filename": "vendor/[name].js",
            "priority": -10,
            "reuseExistingChunk": true,
            "test": Object {},
          },
        },
      },
    },
    "output": Object {
      "pathinfo": false,
    },
    "performance": Object {},
    "profile": false,
    "resolve": Object {
      "extensions": Array [
        ".wasm",
        ".mjs",
        ".js",
        ".jsx",
        ".css",
        ".json",
        ".json5",
        ".toml",
        ".xml",
        ".csv",
        ".tsv",
        ".yml",
        ".yaml",
        ".xml",
      ],
    },
    "stats": Object {},
  },
  "ci": true,
  "clean": true,
  "debug": true,
  "discover": false,
  "extension": Object {
    "cleanWebpackPlugin": Object {
      "cleanOnceBeforeBuildPatterns": Array [
        "**/*",
        "!dll",
      ],
      "cleanStaleWebpackAssets": true,
      "protectWebpackAssets": true,
    },
    "cssMinimizerWebpackPlugin": Object {
      "minimizerOptions": Object {
        "preset": Array [
          "default",
          Object {
            "discardComments": Object {
              "removeAll": true,
            },
          },
        ],
      },
    },
    "html-webpack-plugin": Object {
      "alwaysWriteToDisk": true,
      "inject": true,
      "minify": Object {
        "collapseWhitespace": false,
        "keepClosingSlash": true,
        "removeComments": true,
        "removeRedundantAttributes": true,
        "removeScriptTypeAttributes": true,
        "removeStyleLinkTypeAttributes": true,
        "useShortDoctype": true,
      },
    },
    "interpolate-html-plugin": Object {
      "replace": Object {},
    },
    "miniCssExtractPlugin": Object {},
    "webpackConfigDumpPlugin": Object {
      "depth": 8,
      "keepCircularReferences": true,
    },
    "webpackDefinePlugin": Object {},
    "webpackManifestPlugin": Object {
      "fileName": "manifest.json",
      "writeToFileEmit": true,
    },
    "webpackProvidePlugin": Object {},
  },
  "fileFormat": "[name]",
  "hash": false,
  "hashFormat": "[name].[contenthash:6]",
  "html": false,
  "install": false,
  "location": Object {
    "dist": "dist",
    "modules": "node_modules",
    "project": Any<String>,
    "publicPath": "",
    "src": "src",
    "storage": ".budfiles",
  },
  "log": false,
  "manifest": true,
  "minimize": true,
  "name": "bud",
  "patterns": Object {
    "css": Object {},
    "cssModule": Object {},
    "csv": Object {},
    "font": Object {},
    "html": Object {},
    "image": Object {},
    "js": Object {},
    "json": Object {},
    "json5": Object {},
    "md": Object {},
    "modules": Object {},
    "sass": Object {},
    "sassModule": Object {},
    "svg": Object {},
    "toml": Object {},
    "ts": Object {},
    "vue": Object {},
    "xml": Object {},
    "yml": Object {},
  },
  "server": Object {
    "browser": Object {
      "indicator": true,
      "log": true,
      "overlay": true,
    },
    "host": "localhost",
    "methods": Array [
      "GET",
      "HEAD",
    ],
    "middleware": Object {
      "dev": true,
      "hot": true,
      "proxy": false,
    },
    "port": 3000,
    "proxy": Object {
      "host": "localhost",
      "port": 8000,
    },
    "watch": Object {
      "files": Array [],
      "options": Object {},
    },
  },
  "theme": Object {
    "colors": Object {
      "accent": "#ff69b4",
      "error": "#dc3545",
      "errorAlt": "#b22222",
      "faded": "#6C758F",
      "flavor": "#78C5D7",
      "foreground": "#FFFFFF",
      "primary": "#545DD7",
      "primaryAlt": "#663399",
      "success": "#46D46A",
      "warning": "#FF611A",
    },
    "columns": 12,
    "maxHeight": 999,
    "maxWidth": 80,
    "screens": Array [
      Array [
        0,
        40,
      ],
      Array [
        41,
        60,
      ],
      Array [
        61,
        80,
      ],
      Array [
        81,
        200,
      ],
    ],
    "spacing": 1,
  },
}
`;

exports[`factory config matches snapshot 1`] = `
Object {
  "build": Object {
    "bail": true,
    "devtool": false,
    "experiments": Object {
      "lazyCompilation": false,
    },
    "infrastructureLogging": Object {
      "appendOnly": true,
      "level": "none",
    },
    "node": false,
    "optimization": Object {
      "emitOnErrors": false,
      "minimizer": Array [
        "...",
      ],
      "moduleIds": "deterministic",
      "removeEmptyChunks": true,
      "splitChunks": Object {
        "cacheGroups": Object {
          "vendor": Object {
            "chunks": "all",
            "filename": "vendor/[name].js",
            "priority": -10,
            "reuseExistingChunk": true,
            "test": Object {},
          },
        },
      },
    },
    "output": Object {
      "pathinfo": false,
    },
    "performance": Object {},
    "profile": false,
    "resolve": Object {
      "extensions": Array [
        ".wasm",
        ".mjs",
        ".js",
        ".jsx",
        ".css",
        ".json",
        ".json5",
        ".toml",
        ".xml",
        ".csv",
        ".tsv",
        ".yml",
        ".yaml",
        ".xml",
      ],
    },
    "stats": Object {},
  },
  "ci": true,
  "clean": true,
  "debug": true,
  "discover": false,
  "extension": Object {
    "cleanWebpackPlugin": Object {
      "cleanOnceBeforeBuildPatterns": Array [
        "**/*",
        "!dll",
      ],
      "cleanStaleWebpackAssets": true,
      "protectWebpackAssets": true,
    },
    "cssMinimizerWebpackPlugin": Object {
      "minimizerOptions": Object {
        "preset": Array [
          "default",
          Object {
            "discardComments": Object {
              "removeAll": true,
            },
          },
        ],
      },
    },
    "html-webpack-plugin": Object {
      "alwaysWriteToDisk": true,
      "inject": true,
      "minify": Object {
        "collapseWhitespace": false,
        "keepClosingSlash": true,
        "removeComments": true,
        "removeRedundantAttributes": true,
        "removeScriptTypeAttributes": true,
        "removeStyleLinkTypeAttributes": true,
        "useShortDoctype": true,
      },
    },
    "interpolate-html-plugin": Object {
      "replace": Object {},
    },
    "miniCssExtractPlugin": Object {},
    "webpackConfigDumpPlugin": Object {
      "depth": 8,
      "keepCircularReferences": true,
    },
    "webpackDefinePlugin": Object {},
    "webpackManifestPlugin": Object {
      "fileName": "manifest.json",
      "writeToFileEmit": true,
    },
    "webpackProvidePlugin": Object {},
  },
  "fileFormat": "[name]",
  "hash": false,
  "hashFormat": "[name].[contenthash:6]",
  "html": false,
  "install": false,
  "location": Object {
    "dist": "dist",
    "modules": "node_modules",
    "project": Any<String>,
    "publicPath": "",
    "src": "src",
    "storage": ".budfiles",
  },
  "log": false,
  "manifest": true,
  "minimize": true,
  "name": "bud",
  "patterns": Object {
    "css": Object {},
    "cssModule": Object {},
    "csv": Object {},
    "font": Object {},
    "html": Object {},
    "image": Object {},
    "js": Object {},
    "json": Object {},
    "json5": Object {},
    "md": Object {},
    "modules": Object {},
    "sass": Object {},
    "sassModule": Object {},
    "svg": Object {},
    "toml": Object {},
    "ts": Object {},
    "vue": Object {},
    "xml": Object {},
    "yml": Object {},
  },
  "server": Object {
    "browser": Object {
      "indicator": true,
      "log": true,
      "overlay": true,
    },
    "host": "localhost",
    "methods": Array [
      "GET",
      "HEAD",
    ],
    "middleware": Object {
      "dev": true,
      "hot": true,
      "proxy": false,
    },
    "port": 3000,
    "proxy": Object {
      "host": "localhost",
      "port": 8000,
    },
    "watch": Object {
      "files": Array [],
      "options": Object {},
    },
  },
  "theme": Object {
    "colors": Object {
      "accent": "#ff69b4",
      "error": "#dc3545",
      "errorAlt": "#b22222",
      "faded": "#6C758F",
      "flavor": "#78C5D7",
      "foreground": "#FFFFFF",
      "primary": "#545DD7",
      "primaryAlt": "#663399",
      "success": "#46D46A",
      "warning": "#FF611A",
    },
    "columns": 12,
    "maxHeight": 999,
    "maxWidth": 80,
    "screens": Array [
      Array [
        0,
        40,
      ],
      Array [
        41,
        60,
      ],
      Array [
        61,
        80,
      ],
      Array [
        81,
        200,
      ],
    ],
    "spacing": 1,
  },
}
`;
