// Vitest Snapshot v1, https://vitest.dev/guide/snapshot.html

exports[`bud.define > matches snapshot 1`] = `
{
  "APP_DESCRIPTION": "\\"test app description\\"",
  "APP_TITLE": "\\"bud.js test app\\"",
}
`;
