// Vitest Snapshot v1, https://vitest.dev/guide/snapshot.html

exports[`examples/css-module > should compile assets as expected 1`] = `
{
  "entrypoints.json": "entrypoints.json",
  "main.css": "css/main.css",
  "main.js": "js/main.js",
  "runtime.js": "js/runtime.js",
}
`;
