// Vitest Snapshot v1

exports[`examples/remote-sources > should compile js and css as expected 1`] = `"js/app.js"`;
