// Vitest Snapshot v1, https://vitest.dev/guide/snapshot.html

exports[`examples/typescript > should compile js and css as expected 1`] = `
{
  "app.js": "js/app.js",
  "index.html": "index.html",
}
`;
