// Vitest Snapshot v1, https://vitest.dev/guide/snapshot.html

exports[`examples/vue-typescript > should compile js and css as expected 1`] = `
{
  "main.css": "css/main.css",
  "main.js": "js/main.js",
}
`;
