// Jest Snapshot v1, https://goo.gl/fbAQLP

exports[`vue npm manifest.json matches snapshot 1`] = `
Object {
  "app.css": "/app.css",
  "app.js": "/app.js",
  "index.html": "/index.html",
}
`;

exports[`vue yarn manifest.json matches snapshot 1`] = `
Object {
  "app.css": "/app.css",
  "app.js": "/app.js",
  "index.html": "/index.html",
}
`;
