// Jest Snapshot v1, https://goo.gl/fbAQLP

exports[`entrypoints.json should get chunk file list 1`] = `
[
  {
    "file": "foo.js",
    "key": undefined,
  },
  {
    "file": "bar.js",
    "key": undefined,
  },
]
`;
