// Jest Snapshot v1, https://goo.gl/fbAQLP

exports[`Extensions [development] bud.extensions.repository options matches snapshot 1`] = `
[
  "@roots/bud-extensions/cdn",
  "@roots/bud-extensions/clean-webpack-plugin",
  "@roots/bud-extensions/copy-webpack-plugin",
  "@roots/bud-extensions/esm",
  "@roots/bud-extensions/fix-style-only-entrypoints",
  "@roots/bud-extensions/html-webpack-plugin",
  "@roots/bud-extensions/interpolate-html-webpack-plugin",
  "@roots/bud-extensions/webpack-hot-module-replacement-plugin",
]
`;
