// Jest Snapshot v1, https://goo.gl/fbAQLP

exports[`Extensions [development] bud.extensions.repository options matches snapshot 1`] = `
Array [
  "@roots/bud-babel",
  "@roots/bud-entrypoints",
  "@roots/bud-eslint",
  "@roots/bud-postcss",
  "@roots/bud-preset-recommend",
  "@roots/bud-tailwindcss",
  "clean-webpack-plugin",
  "copy-webpack-plugin",
  "mini-css-extract-plugin",
  "webpack-define-plugin",
  "webpack-hot-module-replacement-plugin",
  "webpack-manifest-plugin",
  "webpack-provide-plugin",
]
`;
