// Jest Snapshot v1, https://goo.gl/fbAQLP

exports[`@roots/bud-extensions [development] bud.extensions.repository options matches snapshot 1`] = `[]`;
