// Jest Snapshot v1, https://goo.gl/fbAQLP

exports[`@roots/bud-hooks hooks repository matches snapshot 1`] = `
Object {
  "build": Array [
    [Function],
  ],
}
`;
