// Vitest Snapshot v1

exports[`context.get > should match expectations 1`] = `
{
  "extensions": {
    "denylist": [
      "@roots/bud-babel",
    ],
    "discover": false,
  },
}
`;
