// Vitest Snapshot v1, https://vitest.dev/guide/snapshot.html

exports[`html output of examples/react > should have expected default state 1`] = `
"import logo from './logo.svg'

export const App = () => {
  return (
    <div className="App">
      <div className="header">
        <img src={logo} className="logo" alt="logo" />
        Edit <code>src/components/App.js</code> and save to reload
      </div>
    </div>
  )
}
"
`;
