// Vitest Snapshot v1

exports[`ConsoleBuffer > should store console.log to consoleBuffer.messages 1`] = `
[
  {
    "message": "log-test",
    "stream": "stdout",
  },
  {
    "message": "info-test",
    "stream": "stdout",
  },
  {
    "message": "error-test",
    "stream": "stderr",
  },
  {
    "message": "warn-test",
    "stream": "stderr",
  },
]
`;
