// Jest Snapshot v1, https://goo.gl/fbAQLP

exports[`bud.build.config should have expected resolve.extensions default 1`] = `
[
  ".mjs",
  ".js",
  ".jsx",
  ".css",
  ".json",
  ".wasm",
  ".yml",
]
`;
