// Vitest Snapshot v1

exports[`@roots/sage > @roots/sage/client 1`] = `
{
  "domReady": [Function],
  "lazy": [Function],
}
`;
