// Vitest Snapshot v1, https://vitest.dev/guide/snapshot.html

exports[`bud.watch > in development > adds watch files 1`] = `
[
  "1/*.js",
]
`;
